apiVersion: apiextensions.k8s.io/v1beta1
kind: CustomResourceDefinition
metadata:
  name: unchanged.kubebuilder.schemapatcher.controller-tools.sigs.k8s.io
spec:
  group: kubebuilder.schemapatcher.controller-tools.sigs.k8s.io
  scope: Cluster
  names:
    kind: Unchanged
    singular: unchanged
    plural: unchangeds
    listKind: UnchangedList
  version: v1
  validation:
    openAPIV3Schema:
      description: Unchanged is a kind without schema changes.
      type: object
      required:
      - spec
      properties:
        apiVersion:
          description: 'APIVersion defines the versioned schema of this representation
            of an object. Servers should convert recognized schemas to the latest
            internal value, and may reject unrecognized values. More info: https://git.k8s.io/community/contributors/devel/sig-architecture/api-conventions.md#resources'
          type: string
        kind:
          description: 'Kind is a string value representing the REST resource this
            object represents. Servers may infer this from the endpoint the client
            submits requests to. Cannot be updated. In CamelCase. More info: https://git.k8s.io/community/contributors/devel/sig-architecture/api-conventions.md#types-kinds'
          type: string
        metadata:
          type: object
        spec:
          type: object
          required:
          - bar
          - foo
          properties:
            bar:
              description: foo contains foo.
              type: string
            foo:
              description: foo contains foo.
              type: string
