apiVersion: apiextensions.k8s.io/v1beta1
kind: CustomResourceDefinition
metadata:
  name: other.schemapatcher.controller-tools.sigs.k8s.io
spec:
  group: schemapatcher.controller-tools.sigs.k8s.io
  scope: Cluster
  names:
    kind: Other
    singular: other
    plural: others
    listKind: OtherList
  version: v1
