# Copyright 2023 The Kubernetes Authors.
#
# Licensed under the Apache License, Version 2.0 (the "License");
# you may not use this file except in compliance with the License.
# You may obtain a copy of the License at
#
#      http://www.apache.org/licenses/LICENSE-2.0
#
# Unless required by applicable law or agreed to in writing, software
# distributed under the License is distributed on an "AS IS" BASIS,
# WITHOUT WARRANTIES OR CONDITIONS OF ANY KIND, either express or implied.
# See the License for the specific language governing permissions and
# limitations under the License.
---
apiVersion: apiextensions.k8s.io/v1
kind: CustomResourceDefinition
metadata:
  annotations:
    controller-gen.kubebuilder.io/version: (unknown)
  creationTimestamp: null
  name: zooes.bar.example.com
spec:
  group: bar.example.com
  names:
    kind: Zoo
    listKind: ZooList
    plural: zooes
    singular: zoo
  scope: Namespaced
  versions:
  - name: zoo
    schema:
      openAPIV3Schema:
        properties:
          apiVersion:
            description: 'APIVersion defines the versioned schema of this representation
              of an object. Servers should convert recognized schemas to the latest
              internal value, and may reject unrecognized values. More info: https://git.k8s.io/community/contributors/devel/sig-architecture/api-conventions.md#resources'
            type: string
          kind:
            description: 'Kind is a string value representing the REST resource this
              object represents. Servers may infer this from the endpoint the client
              submits requests to. Cannot be updated. In CamelCase. More info: https://git.k8s.io/community/contributors/devel/sig-architecture/api-conventions.md#types-kinds'
            type: string
          metadata:
            type: object
          spec:
            description: Spec comments SHOULD appear in the CRD spec
            properties:
              defaultedString:
                default: zooDefaultString
                description: This tests that defaulted fields are stripped for v1beta1,
                  but not for v1
                type: string
            required:
            - defaultedString
            type: object
          status:
            description: Status comments SHOULD appear in the CRD spec
            type: object
        type: object
    served: true
    storage: true
